// Jest Snapshot v1, https://goo.gl/fbAQLP

exports[`Login Component matches the snapshot 1`] = `
<div>
  <div
    class="flex flex-col items-center justify-center min-h-screen bg-gray-100"
  >
    <div
      class="p-6 bg-white rounded-lg shadow-md w-96 relative"
    >
      <h2
        class="text-xl font-bold mb-4"
      >
        Login
      </h2>
      <input
        class="border p-2 rounded w-full mb-2"
        placeholder="Email"
        type="email"
        value=""
      />
      <input
        class="border p-2 rounded w-full mb-2"
        placeholder="Password"
        type="password"
        value=""
      />
      <button
        class="bg-blue-500 text-white p-2 mt-2 rounded w-full hover:bg-blue-700"
      >
        Next
      </button>
    </div>
  </div>
</div>
`;
